USER@LAPTOP-9F8A6FA6 MINGW64 /c/Function Up     
$ mkdir assignment

USER@LAPTOP-9F8A6FA6 MINGW64 /c/Function Up
$ cd assignment/

USER@LAPTOP-9F8A6FA6 MINGW64 /c/Function Up/assignment
$ mkdir source

Hii, I am Shatrudhan Kumar
USER@LAPTOP-9F8A6FA6 MINGW64 /c/Function Up/assignment                                          $ mkdir destination                                           USER@LAPTOP-9F8A6FA6 MINGW64 /c/Function Up/assignment                                          $ ls                                      destination/  source/                                                                           USER@LAPTOP-9F8A6FA6 MINGW64 /c/Function Up/assignment                                          $ cd source                            USER@LAPTOP-9F8A6FA6 MINGW64 /c/Function Up/assignment/source                                   $ touch file.txt                                                                       USER@LAPTOP-9F8A6FA6 MINGW64 /c/Function Up/assignment/source
$ vim file.txt

USER@LAPTOP-9F8A6FA6 MINGW64 /c/Function Up/assignment/source
$ cat file.txt
Hii, I am Shatrudhan Kumar 

USER@LAPTOP-9F8A6FA6 MINGW64 /c/Function Up/assignment/source
$ cd..
bash: cd..: command not found

USER@LAPTOP-9F8A6FA6 MINGW64 /c/Function Up/assignment/source
$ cd ..

USER@LAPTOP-9F8A6FA6 MINGW64 /c/Function Up/assignment
$ cp source/file.txt destination

USER@LAPTOP-9F8A6FA6 MINGW64 /c/Function Up/assignment
$ ls
destination/  source/

USER@LAPTOP-9F8A6FA6 MINGW64 /c/Function Up/assignment
$ cd destination/

USER@LAPTOP-9F8A6FA6 MINGW64 /c/Function Up/assignment/destination
$ ls
file.txt

USER@LAPTOP-9F8A6FA6 MINGW64 /c/Function Up/assignment/destination
$ rm -r file.txt

USER@LAPTOP-9F8A6FA6 MINGW64 /c/Function Up/assignment/destination
$ ls

USER@LAPTOP-9F8A6FA6 MINGW64 /c/Function Up/assignment/destination
$ cd ..

USER@LAPTOP-9F8A6FA6 MINGW64 /c/Function Up/assignment
$ mv source/file.txt destination

USER@LAPTOP-9F8A6FA6 MINGW64 /c/Function Up/assignment
$ ls
destination/  source/

Hii, This is a functionup  bootcamp
USER@LAPTOP-9F8A6FA6 MINGW64 /c/Function Up/assignment                                          $ cd source/                                           USER@LAPTOP-9F8A6FA6 MINGW64 /c/Function Up/assignment/source                                   $ cd ..                                                                                      USER@LAPTOP-9F8A6FA6 MINGW64 /c/Function Up/assignment                                 $ cd destination/                                                                               USER@LAPTOP-9F8A6FA6 MINGW64 /c/Function Up/assignment/destination                              $ ls                                            file.txt                                                                       USER@LAPTOP-9F8A6FA6 MINGW64 /c/Function Up/assignment/destination
$ vim file.txt

USER@LAPTOP-9F8A6FA6 MINGW64 /c/Function Up/assignment/destination
$ ls
file.txt

USER@LAPTOP-9F8A6FA6 MINGW64 /c/Function Up/assignment/destination
$ cat file.txt
Hii, This is a functionup  bootcamp
functionup is no 1 bootcamp
functionup is providing great opportunity       
this is 4 months functionup bootcamp

USER@LAPTOP-9F8A6FA6 MINGW64 /c/Function Up/assignment/destination
$ grep -i 'funtionup' file.txt

USER@LAPTOP-9F8A6FA6 MINGW64 /c/Function Up/assignment/destination
$ ls
file.txt

USER@LAPTOP-9F8A6FA6 MINGW64 /c/Function Up/assignment/destination
$ grep -i 'funtionup' file.txt

USER@LAPTOP-9F8A6FA6 MINGW64 /c/Function Up/assignment/destination
$

USER@LAPTOP-9F8A6FA6 MINGW64 /c/Function Up/assignment/destination
$ grep 'funtionup' file.txt

USER@LAPTOP-9F8A6FA6 MINGW64 /c/Function Up/assignment/destination
$ history
    1  clear
    2  mkdir assignment
    3  cd assignment/
    4  mkdir source
    5  mkdir destination
    6  ls
    7  cd source
    8  touch file.txt
    9  vim file.txt
   10  cat file.txt
   11  cd..
   12  cd ..
   13  cp source/file.txt destination
   14  ls
   15  cd destination/
   17  rm -r file.txt
   18  ls
   19  cd ..
   20  mv source/file.txt destination
   21  ls
   22  cd source/
   23  cd ..
   24  cd destination/
   25  ls
   26  vim file.txt
   27  ls
   28  cat file.txt
   29  grep -i 'funtionup' file.txt
   30  ls
   31  grep -i 'funtionup' file.txt
   32  grep 'funtionup' file.txt
   33  history